61.135.190.223 - - [08/Dec/2014:16:55:37 +0800] "GET /index.html HTTP/1.1" 301 556 "http://www.baidu.com/s?wd=%E8%A1%CA%AF%BF%C6%BC%BC-%D0%E9%C4%E2%BB%AF%D3%EB%D4%C6%BC%C6%CB%E3%BD%E2%BE%F6%B7%BD%B0%B8%CC%E1%B9%A9%C9%CC" "Mozilla/5.0 (Windows NT 6.1; WOW64) AppleWebKit/537.36 (KHTML, like Gecko) Chrome/36.0.1985.143 Safari/537.36"
61.135.190.103 - - [08/Dec/2014:16:55:37 +0800] "GET /index.html HTTP/1.1" 301 556 "http://www.baidu.com/s?wd=%E8%A1%CA%AF%BF%C6%BC%BC-%D0%E9%C4%E2%BB%AF%D3%EB%D4%C6%BC%C6%CB%E3%BD%E2%BE%F6%B7%BD%B0%B8%CC%E1%B9%A9%C9%CC" "Mozilla/5.0 (iPhone; CPU iPhone OS 5_0 like Mac OS X) AppleWebKit/534.46 (KHTML, like Gecko) Version/5.1 Mobile/9A334 Safari/7534.48.3"
61.135.190.104 - - [08/Dec/2014:16:55:37 +0800] "GET / HTTP/1.1" 200 3273 "http://www.baidu.com/s?wd=%E8%A1%CA%AF%BF%C6%BC%BC-%D0%E9%C4%E2%BB%AF%D3%EB%D4%C6%BC%C6%CB%E3%BD%E2%BE%F6%B7%BD%B0%B8%CC%E1%B9%A9%C9%CC" "Mozilla/5.0 (Windows NT 6.1; WOW64) AppleWebKit/537.36 (KHTML, like Gecko) Chrome/36.0.1985.143 Safari/537.36"
61.135.190.221 - - [08/Dec/2014:16:55:37 +0800] "GET / HTTP/1.1" 200 3273 "http://www.baidu.com/s?wd=%E8%A1%CA%AF%BF%C6%BC%BC-%D0%E9%C4%E2%BB%AF%D3%EB%D4%C6%BC%C6%CB%E3%BD%E2%BE%F6%B7%BD%B0%B8%CC%E1%B9%A9%C9%CC" "Mozilla/5.0 (iPhone; CPU iPhone OS 5_0 like Mac OS X) AppleWebKit/534.46 (KHTML, like Gecko) Version/5.1 Mobile/9A334 Safari/7534.48.3"
61.135.190.223 - - [08/Dec/2014:16:55:37 +0800] "GET /js/libs/modernizr.min.js HTTP/1.1" 200 6485 "http://www.simplecloud.cn/" "Mozilla/5.0 (Windows NT 6.1; WOW64) AppleWebKit/537.36 (KHTML, like Gecko) Chrome/36.0.1985.143 Safari/537.36"
61.135.190.103 - - [08/Dec/2014:16:55:37 +0800] "GET /js/libs/modernizr.min.js HTTP/1.1" 200 6485 "http://www.simplecloud.cn/" "Mozilla/5.0 (iPhone; CPU iPhone OS 5_0 like Mac OS X) AppleWebKit/534.46 (KHTML, like Gecko) Version/5.1 Mobile/9A334 Safari/7534.48.3"
61.135.190.103 - - [08/Dec/2014:16:55:37 +0800] "GET /js/libs/jquery.min.js HTTP/1.1" 200 33129 "http://www.simplecloud.cn/" "Mozilla/5.0 (iPhone; CPU iPhone OS 5_0 like Mac OS X) AppleWebKit/534.46 (KHTML, like Gecko) Version/5.1 Mobile/9A334 Safari/7534.48.3"
61.135.190.223 - - [08/Dec/2014:16:55:37 +0800] "GET /js/libs/jquery.min.js HTTP/1.1" 200 33129 "http://www.simplecloud.cn/" "Mozilla/5.0 (Windows NT 6.1; WOW64) AppleWebKit/537.36 (KHTML, like Gecko) Chrome/36.0.1985.143 Safari/537.36"
61.135.190.103 - - [08/Dec/2014:16:55:37 +0800] "GET /js/libs/jquery.ui.map.min.js HTTP/1.1" 200 2001 "http://www.simplecloud.cn/" "Mozilla/5.0 (iPhone; CPU iPhone OS 5_0 like Mac OS X) AppleWebKit/534.46 (KHTML, like Gecko) Version/5.1 Mobile/9A334 Safari/7534.48.3"
61.135.190.103 - - [08/Dec/2014:16:55:38 +0800] "GET /bootstrap/js/bootstrap.min.js HTTP/1.1" 200 8164 "http://www.simplecloud.cn/" "Mozilla/5.0 (iPhone; CPU iPhone OS 5_0 like Mac OS X) AppleWebKit/534.46 (KHTML, like Gecko) Version/5.1 Mobile/9A334 Safari/7534.48.3"
61.135.190.223 - - [08/Dec/2014:16:55:38 +0800] "GET /js/libs/jquery.ui.map.min.js HTTP/1.1" 200 2001 "http://www.simplecloud.cn/" "Mozilla/5.0 (Windows NT 6.1; WOW64) AppleWebKit/537.36 (KHTML, like Gecko) Chrome/36.0.1985.143 Safari/537.36"
61.135.190.103 - - [08/Dec/2014:16:55:38 +0800] "GET /js/libs/jquery.fancybox.min.js HTTP/1.1" 200 8933 "http://www.simplecloud.cn/" "Mozilla/5.0 (iPhone; CPU iPhone OS 5_0 like Mac OS X) AppleWebKit/534.46 (KHTML, like Gecko) Version/5.1 Mobile/9A334 Safari/7534.48.3"
61.135.190.223 - - [08/Dec/2014:16:55:38 +0800] "GET /bootstrap/js/bootstrap.min.js HTTP/1.1" 200 8164 "http://www.simplecloud.cn/" "Mozilla/5.0 (Windows NT 6.1; WOW64) AppleWebKit/537.36 (KHTML, like Gecko) Chrome/36.0.1985.143 Safari/537.36"
61.135.190.103 - - [08/Dec/2014:16:55:38 +0800] "GET /js/libs/jquery.hoverdir.min.js HTTP/1.1" 200 1468 "http://www.simplecloud.cn/" "Mozilla/5.0 (iPhone; CPU iPhone OS 5_0 like Mac OS X) AppleWebKit/534.46 (KHTML, like Gecko) Version/5.1 Mobile/9A334 Safari/7534.48.3"
61.135.190.103 - - [08/Dec/2014:16:55:38 +0800] "GET /js/libs/jquery.isotope.min.js HTTP/1.1" 200 5437 "http://www.simplecloud.cn/" "Mozilla/5.0 (iPhone; CPU iPhone OS 5_0 like Mac OS X) AppleWebKit/534.46 (KHTML, like Gecko) Version/5.1 Mobile/9A334 Safari/7534.48.3"
61.135.190.223 - - [08/Dec/2014:16:55:38 +0800] "GET /js/libs/jquery.fancybox.min.js HTTP/1.1" 200 8933 "http://www.simplecloud.cn/" "Mozilla/5.0 (Windows NT 6.1; WOW64) AppleWebKit/537.36 (KHTML, like Gecko) Chrome/36.0.1985.143 Safari/537.36"
61.135.190.103 - - [08/Dec/2014:16:55:38 +0800] "GET /js/libs/jquery.masonry.min.js HTTP/1.1" 200 2614 "http://www.simplecloud.cn/" "Mozilla/5.0 (iPhone; CPU iPhone OS 5_0 like Mac OS X) AppleWebKit/534.46 (KHTML, like Gecko) Version/5.1 Mobile/9A334 Safari/7534.48.3"
61.135.190.223 - - [08/Dec/2014:16:55:38 +0800] "GET /js/libs/jquery.hoverdir.min.js HTTP/1.1" 200 1468 "http://www.simplecloud.cn/" "Mozilla/5.0 (Windows NT 6.1; WOW64) AppleWebKit/537.36 (KHTML, like Gecko) Chrome/36.0.1985.143 Safari/537.36"
61.135.190.103 - - [08/Dec/2014:16:55:38 +0800] "GET /js/libs/jquery.fitvids.min.js HTTP/1.1" 200 1287 "http://www.simplecloud.cn/" "Mozilla/5.0 (iPhone; CPU iPhone OS 5_0 like Mac OS X) AppleWebKit/534.46 (KHTML, like Gecko) Version/5.1 Mobile/9A334 Safari/7534.48.3"
61.135.190.223 - - [08/Dec/2014:16:55:38 +0800] "GET /js/libs/jquery.isotope.min.js HTTP/1.1" 200 5437 "http://www.simplecloud.cn/" "Mozilla/5.0 (Windows NT 6.1; WOW64) AppleWebKit/537.36 (KHTML, like Gecko) Chrome/36.0.1985.143 Safari/537.36"
61.135.190.103 - - [08/Dec/2014:16:55:38 +0800] "GET /js/libs/jquery.flexslider.min.js HTTP/1.1" 200 5465 "http://www.simplecloud.cn/" "Mozilla/5.0 (iPhone; CPU iPhone OS 5_0 like Mac OS X) AppleWebKit/534.46 (KHTML, like Gecko) Version/5.1 Mobile/9A334 Safari/7534.48.3"
61.135.190.223 - - [08/Dec/2014:16:55:38 +0800] "GET /js/libs/jquery.masonry.min.js HTTP/1.1" 200 2614 "http://www.simplecloud.cn/" "Mozilla/5.0 (Windows NT 6.1; WOW64) AppleWebKit/537.36 (KHTML, like Gecko) Chrome/36.0.1985.143 Safari/537.36"
61.135.190.103 - - [08/Dec/2014:16:55:38 +0800] "GET /js/script.js HTTP/1.1" 200 1902 "http://www.simplecloud.cn/" "Mozilla/5.0 (iPhone; CPU iPhone OS 5_0 like Mac OS X) AppleWebKit/534.46 (KHTML, like Gecko) Version/5.1 Mobile/9A334 Safari/7534.48.3"
61.135.190.223 - - [08/Dec/2014:16:55:38 +0800] "GET /js/libs/jquery.fitvids.min.js HTTP/1.1" 200 1287 "http://www.simplecloud.cn/" "Mozilla/5.0 (Windows NT 6.1; WOW64) AppleWebKit/537.36 (KHTML, like Gecko) Chrome/36.0.1985.143 Safari/537.36"
61.135.190.223 - - [08/Dec/2014:16:55:38 +0800] "GET /js/libs/jquery.flexslider.min.js HTTP/1.1" 200 5465 "http://www.simplecloud.cn/" "Mozilla/5.0 (Windows NT 6.1; WOW64) AppleWebKit/537.36 (KHTML, like Gecko) Chrome/36.0.1985.143 Safari/537.36"
61.135.190.223 - - [08/Dec/2014:16:55:38 +0800] "GET /js/script.js HTTP/1.1" 200 1902 "http://www.simplecloud.cn/" "Mozilla/5.0 (Windows NT 6.1; WOW64) AppleWebKit/537.36 (KHTML, like Gecko) Chrome/36.0.1985.143 Safari/537.36"
123.125.71.53 - - [08/Dec/2014:17:21:01 +0800] "GET / HTTP/1.1" 200 3236 "-" "Mozilla/5.0 (Windows NT 5.1; rv:6.0.2) Gecko/20100101 Firefox/6.0.2"
123.125.71.34 - - [08/Dec/2014:17:21:06 +0800] "GET / HTTP/1.1" 200 10604 "-" "Mozilla/5.0 (Windows NT 5.1; rv:6.0.2) Gecko/20100101 Firefox/6.0.2"
61.135.190.220 - - [08/Dec/2014:17:22:35 +0800] "GET / HTTP/1.1" 200 3273 "http://www.baidu.com/s?wd=%E8%A1%CA%AF%BF%C6%BC%BC-%D0%E9%C4%E2%BB%AF%D3%EB%D4%C6%BC%C6%CB%E3%BD%E2%BE%F6%B7%BD%B0%B8%CC%E1%B9%A9%C9%CC" "Mozilla/5.0 (iPhone; CPU iPhone OS 5_0 like Mac OS X) AppleWebKit/534.46 (KHTML, like Gecko) Version/5.1 Mobile/9A334 Safari/7534.48.3"
61.135.190.223 - - [08/Dec/2014:17:22:35 +0800] "GET / HTTP/1.1" 200 3273 "http://www.baidu.com/s?wd=%E8%A1%CA%AF%BF%C6%BC%BC-%D0%E9%C4%E2%BB%AF%D3%EB%D4%C6%BC%C6%CB%E3%BD%E2%BE%F6%B7%BD%B0%B8%CC%E1%B9%A9%C9%CC" "Mozilla/5.0 (Windows NT 6.1; WOW64) AppleWebKit/537.36 (KHTML, like Gecko) Chrome/36.0.1985.143 Safari/537.36"
61.135.190.221 - - [08/Dec/2014:17:22:35 +0800] "GET /js/libs/modernizr.min.js HTTP/1.1" 200 6486 "http://www.simplecloud.cn/" "Mozilla/5.0 (Windows NT 6.1; WOW64) AppleWebKit/537.36 (KHTML, like Gecko) Chrome/36.0.1985.143 Safari/537.36"
61.135.190.220 - - [08/Dec/2014:17:22:35 +0800] "GET /js/libs/modernizr.min.js HTTP/1.1" 200 6486 "http://www.simplecloud.cn/" "Mozilla/5.0 (iPhone; CPU iPhone OS 5_0 like Mac OS X) AppleWebKit/534.46 (KHTML, like Gecko) Version/5.1 Mobile/9A334 Safari/7534.48.3"
61.135.190.220 - - [08/Dec/2014:17:22:35 +0800] "GET /js/libs/jquery.min.js HTTP/1.1" 200 33129 "http://www.simplecloud.cn/" "Mozilla/5.0 (iPhone; CPU iPhone OS 5_0 like Mac OS X) AppleWebKit/534.46 (KHTML, like Gecko) Version/5.1 Mobile/9A334 Safari/7534.48.3"
61.135.190.223 - - [08/Dec/2014:17:22:35 +0800] "GET /js/libs/jquery.min.js HTTP/1.1" 200 33129 "http://www.simplecloud.cn/" "Mozilla/5.0 (Windows NT 6.1; WOW64) AppleWebKit/537.36 (KHTML, like Gecko) Chrome/36.0.1985.143 Safari/537.36"
61.135.190.220 - - [08/Dec/2014:17:22:36 +0800] "GET /js/libs/jquery.ui.map.min.js HTTP/1.1" 200 2001 "http://www.simplecloud.cn/" "Mozilla/5.0 (iPhone; CPU iPhone OS 5_0 like Mac OS X) AppleWebKit/534.46 (KHTML, like Gecko) Version/5.1 Mobile/9A334 Safari/7534.48.3"
61.135.190.220 - - [08/Dec/2014:17:22:36 +0800] "GET /bootstrap/js/bootstrap.min.js HTTP/1.1" 200 8164 "http://www.simplecloud.cn/" "Mozilla/5.0 (iPhone; CPU iPhone OS 5_0 like Mac OS X) AppleWebKit/534.46 (KHTML, like Gecko) Version/5.1 Mobile/9A334 Safari/7534.48.3"
61.135.190.223 - - [08/Dec/2014:17:22:36 +0800] "GET /js/libs/jquery.ui.map.min.js HTTP/1.1" 200 2001 "http://www.simplecloud.cn/" "Mozilla/5.0 (Windows NT 6.1; WOW64) AppleWebKit/537.36 (KHTML, like Gecko) Chrome/36.0.1985.143 Safari/537.36"
61.135.190.220 - - [08/Dec/2014:17:22:36 +0800] "GET /js/libs/jquery.fancybox.min.js HTTP/1.1" 200 8933 "http://www.simplecloud.cn/" "Mozilla/5.0 (iPhone; CPU iPhone OS 5_0 like Mac OS X) AppleWebKit/534.46 (KHTML, like Gecko) Version/5.1 Mobile/9A334 Safari/7534.48.3"
61.135.190.223 - - [08/Dec/2014:17:22:36 +0800] "GET /bootstrap/js/bootstrap.min.js HTTP/1.1" 200 8164 "http://www.simplecloud.cn/" "Mozilla/5.0 (Windows NT 6.1; WOW64) AppleWebKit/537.36 (KHTML, like Gecko) Chrome/36.0.1985.143 Safari/537.36"
61.135.190.220 - - [08/Dec/2014:17:22:36 +0800] "GET /js/libs/jquery.hoverdir.min.js HTTP/1.1" 200 1468 "http://www.simplecloud.cn/" "Mozilla/5.0 (iPhone; CPU iPhone OS 5_0 like Mac OS X) AppleWebKit/534.46 (KHTML, like Gecko) Version/5.1 Mobile/9A334 Safari/7534.48.3"
61.135.190.223 - - [08/Dec/2014:17:22:36 +0800] "GET /js/libs/jquery.fancybox.min.js HTTP/1.1" 200 8933 "http://www.simplecloud.cn/" "Mozilla/5.0 (Windows NT 6.1; WOW64) AppleWebKit/537.36 (KHTML, like Gecko) Chrome/36.0.1985.143 Safari/537.36"
61.135.190.220 - - [08/Dec/2014:17:22:36 +0800] "GET /js/libs/jquery.isotope.min.js HTTP/1.1" 200 5437 "http://www.simplecloud.cn/" "Mozilla/5.0 (iPhone; CPU iPhone OS 5_0 like Mac OS X) AppleWebKit/534.46 (KHTML, like Gecko) Version/5.1 Mobile/9A334 Safari/7534.48.3"
61.135.190.223 - - [08/Dec/2014:17:22:36 +0800] "GET /js/libs/jquery.hoverdir.min.js HTTP/1.1" 200 1468 "http://www.simplecloud.cn/" "Mozilla/5.0 (Windows NT 6.1; WOW64) AppleWebKit/537.36 (KHTML, like Gecko) Chrome/36.0.1985.143 Safari/537.36"
61.135.190.220 - - [08/Dec/2014:17:22:36 +0800] "GET /js/libs/jquery.masonry.min.js HTTP/1.1" 200 2614 "http://www.simplecloud.cn/" "Mozilla/5.0 (iPhone; CPU iPhone OS 5_0 like Mac OS X) AppleWebKit/534.46 (KHTML, like Gecko) Version/5.1 Mobile/9A334 Safari/7534.48.3"
61.135.190.223 - - [08/Dec/2014:17:22:36 +0800] "GET /js/libs/jquery.isotope.min.js HTTP/1.1" 200 5437 "http://www.simplecloud.cn/" "Mozilla/5.0 (Windows NT 6.1; WOW64) AppleWebKit/537.36 (KHTML, like Gecko) Chrome/36.0.1985.143 Safari/537.36"
61.135.190.220 - - [08/Dec/2014:17:22:36 +0800] "GET /js/libs/jquery.fitvids.min.js HTTP/1.1" 200 1287 "http://www.simplecloud.cn/" "Mozilla/5.0 (iPhone; CPU iPhone OS 5_0 like Mac OS X) AppleWebKit/534.46 (KHTML, like Gecko) Version/5.1 Mobile/9A334 Safari/7534.48.3"
61.135.190.220 - - [08/Dec/2014:17:22:36 +0800] "GET /js/libs/jquery.flexslider.min.js HTTP/1.1" 200 5465 "http://www.simplecloud.cn/" "Mozilla/5.0 (iPhone; CPU iPhone OS 5_0 like Mac OS X) AppleWebKit/534.46 (KHTML, like Gecko) Version/5.1 Mobile/9A334 Safari/7534.48.3"
61.135.190.223 - - [08/Dec/2014:17:22:36 +0800] "GET /js/libs/jquery.masonry.min.js HTTP/1.1" 200 2614 "http://www.simplecloud.cn/" "Mozilla/5.0 (Windows NT 6.1; WOW64) AppleWebKit/537.36 (KHTML, like Gecko) Chrome/36.0.1985.143 Safari/537.36"
61.135.190.220 - - [08/Dec/2014:17:22:36 +0800] "GET /js/script.js HTTP/1.1" 200 1902 "http://www.simplecloud.cn/" "Mozilla/5.0 (iPhone; CPU iPhone OS 5_0 like Mac OS X) AppleWebKit/534.46 (KHTML, like Gecko) Version/5.1 Mobile/9A334 Safari/7534.48.3"
61.135.190.223 - - [08/Dec/2014:17:22:36 +0800] "GET /js/libs/jquery.fitvids.min.js HTTP/1.1" 200 1287 "http://www.simplecloud.cn/" "Mozilla/5.0 (Windows NT 6.1; WOW64) AppleWebKit/537.36 (KHTML, like Gecko) Chrome/36.0.1985.143 Safari/537.36"
61.135.190.223 - - [08/Dec/2014:17:22:36 +0800] "GET /js/libs/jquery.flexslider.min.js HTTP/1.1" 200 5465 "http://www.simplecloud.cn/" "Mozilla/5.0 (Windows NT 6.1; WOW64) AppleWebKit/537.36 (KHTML, like Gecko) Chrome/36.0.1985.143 Safari/537.36"
61.135.190.223 - - [08/Dec/2014:17:22:36 +0800] "GET /js/script.js HTTP/1.1" 200 1902 "http://www.simplecloud.cn/" "Mozilla/5.0 (Windows NT 6.1; WOW64) AppleWebKit/537.36 (KHTML, like Gecko) Chrome/36.0.1985.143 Safari/537.36"
180.76.15.17 - - [08/Dec/2014:17:23:56 +0800] "GET / HTTP/1.1" 200 10604 "-" "Mozilla/5.0 (compatible; Baiduspider/2.0; +http://www.baidu.com/search/spider.html)"
220.181.108.182 - - [08/Dec/2014:17:27:30 +0800] "GET / HTTP/1.1" 200 3236 "-" "Mozilla/5.0 (Windows NT 5.1; rv:6.0.2) Gecko/20100101 Firefox/6.0.2"
220.181.108.179 - - [08/Dec/2014:17:27:33 +0800] "GET / HTTP/1.1" 200 10604 "-" "Mozilla/5.0 (Windows NT 5.1; rv:6.0.2) Gecko/20100101 Firefox/6.0.2"
66.249.75.192 - - [08/Dec/2014:17:31:49 +0800] "GET /robots.txt HTTP/1.1" 404 506 "-" "Mozilla/5.0 (compatible; Googlebot/2.1; +http://www.google.com/bot.html)"
66.249.75.208 - - [08/Dec/2014:17:31:50 +0800] "GET /buy.html HTTP/1.1" 200 3431 "-" "DoCoMo/2.0 N905i(c100;TB;W24H16) (compatible; Googlebot-Mobile/2.1; +http://www.google.com/bot.html)"
113.120.228.134 - - [08/Dec/2014:17:36:27 +0800] "GET /simplelab.html HTTP/1.1" 200 4959 "-" "Mozilla/5.0 (Macintosh; Intel Mac OS X 10_11_1) AppleWebKit/601.2.7 (KHTML, like Gecko)"
113.120.228.134 - - [08/Dec/2014:17:36:28 +0800] "GET /ico/apple-touch-icon-114x114.png HTTP/1.1" 404 521 "-" "Safari/11601.2.7.2 CFNetwork/760.1.2 Darwin/15.0.0 (x86_64)"
113.120.228.134 - - [08/Dec/2014:17:36:28 +0800] "GET /ico/apple-touch-icon-72x72.png HTTP/1.1" 404 519 "-" "Safari/11601.2.7.2 CFNetwork/760.1.2 Darwin/15.0.0 (x86_64)"
113.120.228.134 - - [08/Dec/2014:17:36:28 +0800] "GET /ico/apple-touch-icon.png HTTP/1.1" 404 513 "-" "Safari/11601.2.7.2 CFNetwork/760.1.2 Darwin/15.0.0 (x86_64)"
113.120.228.134 - - [08/Dec/2014:17:36:28 +0800] "GET /apple-touch-icon-precomposed.png HTTP/1.1" 404 519 "-" "Safari/11601.2.7.2 CFNetwork/760.1.2 Darwin/15.0.0 (x86_64)"
113.120.228.134 - - [08/Dec/2014:17:36:28 +0800] "GET /apple-touch-icon.png HTTP/1.1" 404 512 "-" "Safari/11601.2.7.2 CFNetwork/760.1.2 Darwin/15.0.0 (x86_64)"
113.120.228.134 - - [08/Dec/2014:17:36:38 +0800] "GET /ico/apple-touch-icon-114x114.png HTTP/1.1" 404 521 "-" "Safari/11601.2.7.2 CFNetwork/760.1.2 Darwin/15.0.0 (x86_64)"
113.120.228.134 - - [08/Dec/2014:17:36:38 +0800] "GET /ico/apple-touch-icon-72x72.png HTTP/1.1" 404 519 "-" "Safari/11601.2.7.2 CFNetwork/760.1.2 Darwin/15.0.0 (x86_64)"
113.120.228.134 - - [08/Dec/2014:17:36:38 +0800] "GET /ico/apple-touch-icon.png HTTP/1.1" 404 513 "-" "Safari/11601.2.7.2 CFNetwork/760.1.2 Darwin/15.0.0 (x86_64)"
113.120.228.134 - - [08/Dec/2014:17:36:38 +0800] "GET /apple-touch-icon-precomposed.png HTTP/1.1" 404 519 "-" "Safari/11601.2.7.2 CFNetwork/760.1.2 Darwin/15.0.0 (x86_64)"
113.120.228.134 - - [08/Dec/2014:17:36:38 +0800] "GET /apple-touch-icon.png HTTP/1.1" 404 512 "-" "Safari/11601.2.7.2 CFNetwork/760.1.2 Darwin/15.0.0 (x86_64)"
202.107.200.100 - - [08/Dec/2014:17:43:20 +0800] "GET /simplelab.html HTTP/1.1" 200 4959 "-" "Mozilla/5.0 (Macintosh; Intel Mac OS X 10_11_1) AppleWebKit/601.2.7 (KHTML, like Gecko)"
202.107.200.100 - - [08/Dec/2014:17:43:20 +0800] "GET /ico/apple-touch-icon-114x114.png HTTP/1.1" 404 521 "-" "Safari/11601.2.7.2 CFNetwork/760.1.2 Darwin/15.0.0 (x86_64)"
202.107.200.100 - - [08/Dec/2014:17:43:20 +0800] "GET /ico/favicon.ico HTTP/1.1" 200 1445 "-" "Safari/11601.2.7.2 CFNetwork/760.1.2 Darwin/15.0.0 (x86_64)"
202.107.200.100 - - [08/Dec/2014:17:43:20 +0800] "GET /ico/apple-touch-icon-72x72.png HTTP/1.1" 404 519 "-" "Safari/11601.2.7.2 CFNetwork/760.1.2 Darwin/15.0.0 (x86_64)"
202.107.200.100 - - [08/Dec/2014:17:43:20 +0800] "GET /ico/apple-touch-icon.png HTTP/1.1" 404 513 "-" "Safari/11601.2.7.2 CFNetwork/760.1.2 Darwin/15.0.0 (x86_64)"
202.107.200.100 - - [08/Dec/2014:17:43:20 +0800] "GET /apple-touch-icon-precomposed.png HTTP/1.1" 404 519 "-" "Safari/11601.2.7.2 CFNetwork/760.1.2 Darwin/15.0.0 (x86_64)"
202.107.200.100 - - [08/Dec/2014:17:43:20 +0800] "GET /apple-touch-icon.png HTTP/1.1" 404 512 "-" "Safari/11601.2.7.2 CFNetwork/760.1.2 Darwin/15.0.0 (x86_64)"
141.212.121.176 - - [08/Dec/2014:18:04:20 +0800] "GET / HTTP/1.1" 200 10585 "-" "Mozilla/5.0 zgrab/0.x"
123.125.71.13 - - [08/Dec/2014:18:25:35 +0800] "-" 408 0 "-" "-"
180.76.15.15 - - [08/Dec/2014:18:25:55 +0800] "GET / HTTP/1.1" 200 10604 "-" "Mozilla/5.0 (compatible; Baiduspider/2.0; +http://www.baidu.com/search/spider.html)"
180.76.15.26 - - [08/Dec/2014:18:27:46 +0800] "GET / HTTP/1.1" 200 10604 "-" "Mozilla/5.0 (compatible; Baiduspider/2.0; +http://www.baidu.com/search/spider.html)"
220.181.108.108 - - [08/Dec/2014:18:29:09 +0800] "-" 408 0 "-" "-"
180.149.143.26 - - [08/Dec/2014:18:47:49 +0800] "-" 408 0 "-" "-"
101.226.33.208 - - [08/Dec/2014:18:51:23 +0800] "GET / HTTP/1.1" 200 10604 "-" "Mozilla/5.0 (Linux; U; Android 4.4.2; zh-cn; GT-I9500 Build/KOT49H) AppleWebKit/537.36 (KHTML, like Gecko)Version/4.0 MQQBrowser/5.0 QQ-URL-Manager Mobile Safari/537.36"
61.50.125.210 - - [08/Dec/2014:18:51:23 +0800] "GET / HTTP/1.1" 200 3273 "http://www.baidu.com/link?url=Wf5viRNMCIoT2Ac4--_-mcBvSrf3bTgqYstUz9CMNHlAqblIk3oFtjh5FGjs2Iri&wd=&eqid=9ff562d70001699d000000025666b627" "Mozilla/4.0 (compatible; MSIE 8.0; Windows NT 6.1; WOW64; Trident/4.0; SLCC2; .NET CLR 2.0.50727; .NET CLR 3.5.30729; .NET CLR 3.0.30729; Media Center PC 6.0; .NET4.0C; .NET4.0E)"
61.50.125.210 - - [08/Dec/2014:18:51:23 +0800] "GET /css/style-t1.css HTTP/1.1" 200 0 "http://www.simplecloud.cn/" "Mozilla/4.0 (compatible; MSIE 8.0; Windows NT 6.1; WOW64; Trident/4.0; SLCC2; .NET CLR 2.0.50727; .NET CLR 3.5.30729; .NET CLR 3.0.30729; Media Center PC 6.0; .NET4.0C; .NET4.0E)"
61.50.125.210 - - [08/Dec/2014:18:51:23 +0800] "GET /js/libs/modernizr.min.js HTTP/1.1" 200 6486 "http://www.simplecloud.cn/" "Mozilla/4.0 (compatible; MSIE 8.0; Windows NT 6.1; WOW64; Trident/4.0; SLCC2; .NET CLR 2.0.50727; .NET CLR 3.5.30729; .NET CLR 3.0.30729; Media Center PC 6.0; .NET4.0C; .NET4.0E)"
61.50.125.210 - - [08/Dec/2014:18:51:23 +0800] "GET /css/style-t1.css HTTP/1.1" 200 32706 "http://www.simplecloud.cn/" "Mozilla/4.0 (compatible; MSIE 8.0; Windows NT 6.1; WOW64; Trident/4.0; SLCC2; .NET CLR 2.0.50727; .NET CLR 3.5.30729; .NET CLR 3.0.30729; Media Center PC 6.0; .NET4.0C; .NET4.0E)"
61.50.125.210 - - [08/Dec/2014:18:51:23 +0800] "GET /font/fontawesome-webfont.eot? HTTP/1.1" 200 38473 "http://www.simplecloud.cn/" "Mozilla/4.0 (compatible; MSIE 8.0; Windows NT 6.1; WOW64; Trident/4.0; SLCC2; .NET CLR 2.0.50727; .NET CLR 3.5.30729; .NET CLR 3.0.30729; Media Center PC 6.0; .NET4.0C; .NET4.0E)"
61.50.125.210 - - [08/Dec/2014:18:51:23 +0800] "GET /img/logo.png HTTP/1.1" 200 35181 "http://www.simplecloud.cn/" "Mozilla/4.0 (compatible; MSIE 8.0; Windows NT 6.1; WOW64; Trident/4.0; SLCC2; .NET CLR 2.0.50727; .NET CLR 3.5.30729; .NET CLR 3.0.30729; Media Center PC 6.0; .NET4.0C; .NET4.0E)"
61.50.125.210 - - [08/Dec/2014:18:51:23 +0800] "GET /img/map.png HTTP/1.1" 200 71228 "http://www.simplecloud.cn/" "Mozilla/4.0 (compatible; MSIE 8.0; Windows NT 6.1; WOW64; Trident/4.0; SLCC2; .NET CLR 2.0.50727; .NET CLR 3.5.30729; .NET CLR 3.0.30729; Media Center PC 6.0; .NET4.0C; .NET4.0E)"
61.50.125.210 - - [08/Dec/2014:18:51:24 +0800] "GET /img/36kr.jpg HTTP/1.1" 200 2250 "http://www.simplecloud.cn/" "Mozilla/4.0 (compatible; MSIE 8.0; Windows NT 6.1; WOW64; Trident/4.0; SLCC2; .NET CLR 2.0.50727; .NET CLR 3.5.30729; .NET CLR 3.0.30729; Media Center PC 6.0; .NET4.0C; .NET4.0E)"
61.50.125.210 - - [08/Dec/2014:18:51:24 +0800] "GET /img/csdn.jpg HTTP/1.1" 200 10088 "http://www.simplecloud.cn/" "Mozilla/4.0 (compatible; MSIE 8.0; Windows NT 6.1; WOW64; Trident/4.0; SLCC2; .NET CLR 2.0.50727; .NET CLR 3.5.30729; .NET CLR 3.0.30729; Media Center PC 6.0; .NET4.0C; .NET4.0E)"
61.50.125.210 - - [08/Dec/2014:18:51:24 +0800] "GET /img/technode.jpg HTTP/1.1" 200 8568 "http://www.simplecloud.cn/" "Mozilla/4.0 (compatible; MSIE 8.0; Windows NT 6.1; WOW64; Trident/4.0; SLCC2; .NET CLR 2.0.50727; .NET CLR 3.5.30729; .NET CLR 3.0.30729; Media Center PC 6.0; .NET4.0C; .NET4.0E)"
61.50.125.210 - - [08/Dec/2014:18:51:24 +0800] "GET /js/libs/jquery.min.js HTTP/1.1" 200 33129 "http://www.simplecloud.cn/" "Mozilla/4.0 (compatible; MSIE 8.0; Windows NT 6.1; WOW64; Trident/4.0; SLCC2; .NET CLR 2.0.50727; .NET CLR 3.5.30729; .NET CLR 3.0.30729; Media Center PC 6.0; .NET4.0C; .NET4.0E)"
61.50.125.210 - - [08/Dec/2014:18:51:25 +0800] "GET /js/libs/jquery.ui.map.min.js HTTP/1.1" 200 2001 "http://www.simplecloud.cn/" "Mozilla/4.0 (compatible; MSIE 8.0; Windows NT 6.1; WOW64; Trident/4.0; SLCC2; .NET CLR 2.0.50727; .NET CLR 3.5.30729; .NET CLR 3.0.30729; Media Center PC 6.0; .NET4.0C; .NET4.0E)"
61.50.125.210 - - [08/Dec/2014:18:51:25 +0800] "GET /bootstrap/js/bootstrap.min.js HTTP/1.1" 200 8164 "http://www.simplecloud.cn/" "Mozilla/4.0 (compatible; MSIE 8.0; Windows NT 6.1; WOW64; Trident/4.0; SLCC2; .NET CLR 2.0.50727; .NET CLR 3.5.30729; .NET CLR 3.0.30729; Media Center PC 6.0; .NET4.0C; .NET4.0E)"
61.50.125.210 - - [08/Dec/2014:18:51:24 +0800] "GET /img/home_background.jpg HTTP/1.1" 200 104024 "http://www.simplecloud.cn/" "Mozilla/4.0 (compatible; MSIE 8.0; Windows NT 6.1; WOW64; Trident/4.0; SLCC2; .NET CLR 2.0.50727; .NET CLR 3.5.30729; .NET CLR 3.0.30729; Media Center PC 6.0; .NET4.0C; .NET4.0E)"
61.50.125.210 - - [08/Dec/2014:18:51:24 +0800] "GET /img/ipad.png HTTP/1.1" 200 214896 "http://www.simplecloud.cn/" "Mozilla/4.0 (compatible; MSIE 8.0; Windows NT 6.1; WOW64; Trident/4.0; SLCC2; .NET CLR 2.0.50727; .NET CLR 3.5.30729; .NET CLR 3.0.30729; Media Center PC 6.0; .NET4.0C; .NET4.0E)"
61.50.125.210 - - [08/Dec/2014:18:51:26 +0800] "GET /simplecloud.html HTTP/1.1" 200 3825 "http://www.simplecloud.cn/" "Mozilla/4.0 (compatible; MSIE 8.0; Windows NT 6.1; WOW64; Trident/4.0; SLCC2; .NET CLR 2.0.50727; .NET CLR 3.5.30729; .NET CLR 3.0.30729; Media Center PC 6.0; .NET4.0C; .NET4.0E)"
61.50.125.210 - - [08/Dec/2014:18:51:26 +0800] "GET /img/cloud_virtuallab.jpg HTTP/1.1" 200 38778 "http://www.simplecloud.cn/simplecloud.html" "Mozilla/4.0 (compatible; MSIE 8.0; Windows NT 6.1; WOW64; Trident/4.0; SLCC2; .NET CLR 2.0.50727; .NET CLR 3.5.30729; .NET CLR 3.0.30729; Media Center PC 6.0; .NET4.0C; .NET4.0E)"
61.50.125.210 - - [08/Dec/2014:18:51:26 +0800] "GET /img/simplecloud/dashboard_s.jpg HTTP/1.1" 200 28530 "http://www.simplecloud.cn/simplecloud.html" "Mozilla/4.0 (compatible; MSIE 8.0; Windows NT 6.1; WOW64; Trident/4.0; SLCC2; .NET CLR 2.0.50727; .NET CLR 3.5.30729; .NET CLR 3.0.30729; Media Center PC 6.0; .NET4.0C; .NET4.0E)"
61.50.125.210 - - [08/Dec/2014:18:51:26 +0800] "GET /img/cloud_devtest.jpg HTTP/1.1" 200 26953 "http://www.simplecloud.cn/simplecloud.html" "Mozilla/4.0 (compatible; MSIE 8.0; Windows NT 6.1; WOW64; Trident/4.0; SLCC2; .NET CLR 2.0.50727; .NET CLR 3.5.30729; .NET CLR 3.0.30729; Media Center PC 6.0; .NET4.0C; .NET4.0E)"
61.50.125.210 - - [08/Dec/2014:18:51:26 +0800] "GET /img/simplecloud/host_s.jpg HTTP/1.1" 200 13449 "http://www.simplecloud.cn/simplecloud.html" "Mozilla/4.0 (compatible; MSIE 8.0; Windows NT 6.1; WOW64; Trident/4.0; SLCC2; .NET CLR 2.0.50727; .NET CLR 3.5.30729; .NET CLR 3.0.30729; Media Center PC 6.0; .NET4.0C; .NET4.0E)"
180.153.206.36 - - [08/Dec/2014:18:51:26 +0800] "GET /simplecloud.html HTTP/1.1" 200 19289 "http://www.baidu.com/link?url=Wf5viRNMCIoT2Ac4--_-mcBvSrf3bTgqYstUz9CMNHlAqblIk3oFtjh5FGjs2Iri&wd=&eqid=9ff562d70001699d000000025666b627" "Mozilla/5.0 (Linux; U; Android 4.4.2; zh-cn; GT-I9500 Build/KOT49H) AppleWebKit/537.36 (KHTML, like Gecko)Version/4.0 MQQBrowser/5.0 QQ-URL-Manager Mobile Safari/537.36"
61.50.125.210 - - [08/Dec/2014:18:51:27 +0800] "GET /img/simplecloud/vm_s.jpg HTTP/1.1" 200 19464 "http://www.simplecloud.cn/simplecloud.html" "Mozilla/4.0 (compatible; MSIE 8.0; Windows NT 6.1; WOW64; Trident/4.0; SLCC2; .NET CLR 2.0.50727; .NET CLR 3.5.30729; .NET CLR 3.0.30729; Media Center PC 6.0; .NET4.0C; .NET4.0E)"
61.50.125.210 - - [08/Dec/2014:18:51:27 +0800] "GET /img/simplecloud/user_s.jpg HTTP/1.1" 200 28800 "http://www.simplecloud.cn/simplecloud.html" "Mozilla/4.0 (compatible; MSIE 8.0; Windows NT 6.1; WOW64; Trident/4.0; SLCC2; .NET CLR 2.0.50727; .NET CLR 3.5.30729; .NET CLR 3.0.30729; Media Center PC 6.0; .NET4.0C; .NET4.0E)"
61.50.125.210 - - [08/Dec/2014:18:51:28 +0800] "GET /img/simplecloud/image_s.jpg HTTP/1.1" 200 16393 "http://www.simplecloud.cn/simplecloud.html" "Mozilla/4.0 (compatible; MSIE 8.0; Windows NT 6.1; WOW64; Trident/4.0; SLCC2; .NET CLR 2.0.50727; .NET CLR 3.5.30729; .NET CLR 3.0.30729; Media Center PC 6.0; .NET4.0C; .NET4.0E)"
61.50.125.210 - - [08/Dec/2014:18:51:28 +0800] "GET /img/simplecloud/setting_s.jpg HTTP/1.1" 200 10751 "http://www.simplecloud.cn/simplecloud.html" "Mozilla/4.0 (compatible; MSIE 8.0; Windows NT 6.1; WOW64; Trident/4.0; SLCC2; .NET CLR 2.0.50727; .NET CLR 3.5.30729; .NET CLR 3.0.30729; Media Center PC 6.0; .NET4.0C; .NET4.0E)"
61.50.125.210 - - [08/Dec/2014:18:51:26 +0800] "GET /img/cloud_show.png HTTP/1.1" 200 198024 "http://www.simplecloud.cn/simplecloud.html" "Mozilla/4.0 (compatible; MSIE 8.0; Windows NT 6.1; WOW64; Trident/4.0; SLCC2; .NET CLR 2.0.50727; .NET CLR 3.5.30729; .NET CLR 3.0.30729; Media Center PC 6.0; .NET4.0C; .NET4.0E)"
61.50.125.210 - - [08/Dec/2014:18:51:29 +0800] "GET /img/cloud_background.jpg HTTP/1.1" 200 37551 "http://www.simplecloud.cn/simplecloud.html" "Mozilla/4.0 (compatible; MSIE 8.0; Windows NT 6.1; WOW64; Trident/4.0; SLCC2; .NET CLR 2.0.50727; .NET CLR 3.5.30729; .NET CLR 3.0.30729; Media Center PC 6.0; .NET4.0C; .NET4.0E)"
61.50.125.210 - - [08/Dec/2014:18:51:27 +0800] "GET /img/cloud_private.jpg HTTP/1.1" 200 50842 "http://www.simplecloud.cn/simplecloud.html" "Mozilla/4.0 (compatible; MSIE 8.0; Windows NT 6.1; WOW64; Trident/4.0; SLCC2; .NET CLR 2.0.50727; .NET CLR 3.5.30729; .NET CLR 3.0.30729; Media Center PC 6.0; .NET4.0C; .NET4.0E)"
61.50.125.210 - - [08/Dec/2014:18:51:48 +0800] "GET /bootstrap/js/bootstrap.min.js HTTP/1.1" 200 8165 "http://www.simplecloud.cn/simplecloud.html" "Mozilla/4.0 (compatible; MSIE 8.0; Windows NT 6.1; WOW64; Trident/4.0; SLCC2; .NET CLR 2.0.50727; .NET CLR 3.5.30729; .NET CLR 3.0.30729; Media Center PC 6.0; .NET4.0C; .NET4.0E)"
61.50.125.210 - - [08/Dec/2014:18:51:48 +0800] "GET /js/libs/jquery.fancybox.min.js HTTP/1.1" 200 8933 "http://www.simplecloud.cn/simplecloud.html" "Mozilla/4.0 (compatible; MSIE 8.0; Windows NT 6.1; WOW64; Trident/4.0; SLCC2; .NET CLR 2.0.50727; .NET CLR 3.5.30729; .NET CLR 3.0.30729; Media Center PC 6.0; .NET4.0C; .NET4.0E)"
61.50.125.210 - - [08/Dec/2014:18:51:48 +0800] "GET /js/libs/jquery.hoverdir.min.js HTTP/1.1" 200 1468 "http://www.simplecloud.cn/simplecloud.html" "Mozilla/4.0 (compatible; MSIE 8.0; Windows NT 6.1; WOW64; Trident/4.0; SLCC2; .NET CLR 2.0.50727; .NET CLR 3.5.30729; .NET CLR 3.0.30729; Media Center PC 6.0; .NET4.0C; .NET4.0E)"
61.50.125.210 - - [08/Dec/2014:18:51:48 +0800] "GET /js/libs/jquery.isotope.min.js HTTP/1.1" 200 5437 "http://www.simplecloud.cn/simplecloud.html" "Mozilla/4.0 (compatible; MSIE 8.0; Windows NT 6.1; WOW64; Trident/4.0; SLCC2; .NET CLR 2.0.50727; .NET CLR 3.5.30729; .NET CLR 3.0.30729; Media Center PC 6.0; .NET4.0C; .NET4.0E)"
61.50.125.210 - - [08/Dec/2014:18:51:48 +0800] "GET /js/libs/jquery.masonry.min.js HTTP/1.1" 200 2614 "http://www.simplecloud.cn/simplecloud.html" "Mozilla/4.0 (compatible; MSIE 8.0; Windows NT 6.1; WOW64; Trident/4.0; SLCC2; .NET CLR 2.0.50727; .NET CLR 3.5.30729; .NET CLR 3.0.30729; Media Center PC 6.0; .NET4.0C; .NET4.0E)"
61.50.125.210 - - [08/Dec/2014:18:51:48 +0800] "GET /js/libs/jquery.fitvids.min.js HTTP/1.1" 200 1287 "http://www.simplecloud.cn/simplecloud.html" "Mozilla/4.0 (compatible; MSIE 8.0; Windows NT 6.1; WOW64; Trident/4.0; SLCC2; .NET CLR 2.0.50727; .NET CLR 3.5.30729; .NET CLR 3.0.30729; Media Center PC 6.0; .NET4.0C; .NET4.0E)"
61.50.125.210 - - [08/Dec/2014:18:51:48 +0800] "GET /js/libs/jquery.flexslider.min.js HTTP/1.1" 200 5465 "http://www.simplecloud.cn/simplecloud.html" "Mozilla/4.0 (compatible; MSIE 8.0; Windows NT 6.1; WOW64; Trident/4.0; SLCC2; .NET CLR 2.0.50727; .NET CLR 3.5.30729; .NET CLR 3.0.30729; Media Center PC 6.0; .NET4.0C; .NET4.0E)"
61.50.125.210 - - [08/Dec/2014:18:51:48 +0800] "GET /js/script.js HTTP/1.1" 200 1902 "http://www.simplecloud.cn/simplecloud.html" "Mozilla/4.0 (compatible; MSIE 8.0; Windows NT 6.1; WOW64; Trident/4.0; SLCC2; .NET CLR 2.0.50727; .NET CLR 3.5.30729; .NET CLR 3.0.30729; Media Center PC 6.0; .NET4.0C; .NET4.0E)"
61.50.125.210 - - [08/Dec/2014:18:51:48 +0800] "GET /ico/favicon.ico HTTP/1.1" 200 1444 "-" "Mozilla/4.0 (compatible; MSIE 8.0; Windows NT 6.1; WOW64; Trident/4.0; SLCC2; .NET CLR 2.0.50727; .NET CLR 3.5.30729; .NET CLR 3.0.30729; Media Center PC 6.0; .NET4.0C; .NET4.0E)"
114.250.78.59 - - [08/Dec/2014:19:05:16 +0800] "GET / HTTP/1.1" 200 3273 "-" "Mozilla/5.0 (Windows NT 10.0; WOW64; rv:42.0) Gecko/20100101 Firefox/42.0"
114.250.78.59 - - [08/Dec/2014:19:05:16 +0800] "GET /js/libs/modernizr.min.js HTTP/1.1" 200 6486 "http://www.simplecloud.cn/" "Mozilla/5.0 (Windows NT 10.0; WOW64; rv:42.0) Gecko/20100101 Firefox/42.0"
114.250.78.59 - - [08/Dec/2014:19:05:16 +0800] "GET /css/style-t1.css HTTP/1.1" 200 32705 "http://www.simplecloud.cn/" "Mozilla/5.0 (Windows NT 10.0; WOW64; rv:42.0) Gecko/20100101 Firefox/42.0"
114.250.78.59 - - [08/Dec/2014:19:05:16 +0800] "GET /bootstrap/js/bootstrap.min.js HTTP/1.1" 200 8164 "http://www.simplecloud.cn/" "Mozilla/5.0 (Windows NT 10.0; WOW64; rv:42.0) Gecko/20100101 Firefox/42.0"
114.250.78.59 - - [08/Dec/2014:19:05:16 +0800] "GET /js/libs/jquery.fancybox.min.js HTTP/1.1" 200 8934 "http://www.simplecloud.cn/" "Mozilla/5.0 (Windows NT 10.0; WOW64; rv:42.0) Gecko/20100101 Firefox/42.0"
114.250.78.59 - - [08/Dec/2014:19:05:16 +0800] "GET /js/libs/jquery.ui.map.min.js HTTP/1.1" 200 2002 "http://www.simplecloud.cn/" "Mozilla/5.0 (Windows NT 10.0; WOW64; rv:42.0) Gecko/20100101 Firefox/42.0"
114.250.78.59 - - [08/Dec/2014:19:05:16 +0800] "GET /js/libs/jquery.hoverdir.min.js HTTP/1.1" 200 1469 "http://www.simplecloud.cn/" "Mozilla/5.0 (Windows NT 10.0; WOW64; rv:42.0) Gecko/20100101 Firefox/42.0"
114.250.78.59 - - [08/Dec/2014:19:05:16 +0800] "GET /js/libs/jquery.min.js HTTP/1.1" 200 33130 "http://www.simplecloud.cn/" "Mozilla/5.0 (Windows NT 10.0; WOW64; rv:42.0) Gecko/20100101 Firefox/42.0"
114.250.78.59 - - [08/Dec/2014:19:05:16 +0800] "GET /js/libs/jquery.isotope.min.js HTTP/1.1" 200 5437 "http://www.simplecloud.cn/" "Mozilla/5.0 (Windows NT 10.0; WOW64; rv:42.0) Gecko/20100101 Firefox/42.0"
114.250.78.59 - - [08/Dec/2014:19:05:16 +0800] "GET /js/libs/jquery.masonry.min.js HTTP/1.1" 200 2614 "http://www.simplecloud.cn/" "Mozilla/5.0 (Windows NT 10.0; WOW64; rv:42.0) Gecko/20100101 Firefox/42.0"
114.250.78.59 - - [08/Dec/2014:19:05:16 +0800] "GET /js/libs/jquery.fitvids.min.js HTTP/1.1" 200 1287 "http://www.simplecloud.cn/" "Mozilla/5.0 (Windows NT 10.0; WOW64; rv:42.0) Gecko/20100101 Firefox/42.0"
114.250.78.59 - - [08/Dec/2014:19:05:16 +0800] "GET /js/libs/jquery.flexslider.min.js HTTP/1.1" 200 5465 "http://www.simplecloud.cn/" "Mozilla/5.0 (Windows NT 10.0; WOW64; rv:42.0) Gecko/20100101 Firefox/42.0"
114.250.78.59 - - [08/Dec/2014:19:05:17 +0800] "GET /js/script.js HTTP/1.1" 200 1902 "http://www.simplecloud.cn/" "Mozilla/5.0 (Windows NT 10.0; WOW64; rv:42.0) Gecko/20100101 Firefox/42.0"
114.250.78.59 - - [08/Dec/2014:19:05:17 +0800] "GET /img/logo.png HTTP/1.1" 200 35181 "http://www.simplecloud.cn/" "Mozilla/5.0 (Windows NT 10.0; WOW64; rv:42.0) Gecko/20100101 Firefox/42.0"
114.250.78.59 - - [08/Dec/2014:19:05:17 +0800] "GET /img/csdn.jpg HTTP/1.1" 200 10087 "http://www.simplecloud.cn/" "Mozilla/5.0 (Windows NT 10.0; WOW64; rv:42.0) Gecko/20100101 Firefox/42.0"
114.250.78.59 - - [08/Dec/2014:19:05:17 +0800] "GET /font/fontawesome-webfont.woff?v=3.0.1 HTTP/1.1" 200 44700 "http://www.simplecloud.cn/css/style-t1.css" "Mozilla/5.0 (Windows NT 10.0; WOW64; rv:42.0) Gecko/20100101 Firefox/42.0"
114.250.78.59 - - [08/Dec/2014:19:05:17 +0800] "GET /img/technode.jpg HTTP/1.1" 200 8567 "http://www.simplecloud.cn/" "Mozilla/5.0 (Windows NT 10.0; WOW64; rv:42.0) Gecko/20100101 Firefox/42.0"
114.250.78.59 - - [08/Dec/2014:19:05:18 +0800] "GET /img/36kr.jpg HTTP/1.1" 200 2249 "http://www.simplecloud.cn/" "Mozilla/5.0 (Windows NT 10.0; WOW64; rv:42.0) Gecko/20100101 Firefox/42.0"
114.250.78.59 - - [08/Dec/2014:19:05:18 +0800] "GET /ico/favicon.ico HTTP/1.1" 200 1444 "-" "Mozilla/5.0 (Windows NT 10.0; WOW64; rv:42.0) Gecko/20100101 Firefox/42.0"
114.250.78.59 - - [08/Dec/2014:19:05:17 +0800] "GET /img/ipad.png HTTP/1.1" 200 216512 "http://www.simplecloud.cn/" "Mozilla/5.0 (Windows NT 10.0; WOW64; rv:42.0) Gecko/20100101 Firefox/42.0"
114.250.78.59 - - [08/Dec/2014:19:05:18 +0800] "GET /img/map.png HTTP/1.1" 200 71228 "http://www.simplecloud.cn/" "Mozilla/5.0 (Windows NT 10.0; WOW64; rv:42.0) Gecko/20100101 Firefox/42.0"
114.250.78.59 - - [08/Dec/2014:19:05:18 +0800] "GET /img/home_background.jpg HTTP/1.1" 200 104024 "http://www.simplecloud.cn/css/style-t1.css" "Mozilla/5.0 (Windows NT 10.0; WOW64; rv:42.0) Gecko/20100101 Firefox/42.0"
114.250.78.59 - - [08/Dec/2014:19:05:33 +0800] "GET /simplecloud.html HTTP/1.1" 200 3826 "http://www.simplecloud.cn/" "Mozilla/5.0 (Windows NT 10.0; WOW64; rv:42.0) Gecko/20100101 Firefox/42.0"
114.250.78.59 - - [08/Dec/2014:19:05:33 +0800] "GET /img/cloud_virtuallab.jpg HTTP/1.1" 200 38779 "http://www.simplecloud.cn/simplecloud.html" "Mozilla/5.0 (Windows NT 10.0; WOW64; rv:42.0) Gecko/20100101 Firefox/42.0"
114.250.78.59 - - [08/Dec/2014:19:05:33 +0800] "GET /img/simplecloud/host_s.jpg HTTP/1.1" 200 13449 "http://www.simplecloud.cn/simplecloud.html" "Mozilla/5.0 (Windows NT 10.0; WOW64; rv:42.0) Gecko/20100101 Firefox/42.0"
114.250.78.59 - - [08/Dec/2014:19:05:33 +0800] "GET /img/simplecloud/dashboard_s.jpg HTTP/1.1" 200 28530 "http://www.simplecloud.cn/simplecloud.html" "Mozilla/5.0 (Windows NT 10.0; WOW64; rv:42.0) Gecko/20100101 Firefox/42.0"
114.250.78.59 - - [08/Dec/2014:19:05:33 +0800] "GET /img/cloud_devtest.jpg HTTP/1.1" 200 26953 "http://www.simplecloud.cn/simplecloud.html" "Mozilla/5.0 (Windows NT 10.0; WOW64; rv:42.0) Gecko/20100101 Firefox/42.0"
114.250.78.59 - - [08/Dec/2014:19:05:33 +0800] "GET /img/simplecloud/vm_s.jpg HTTP/1.1" 200 19464 "http://www.simplecloud.cn/simplecloud.html" "Mozilla/5.0 (Windows NT 10.0; WOW64; rv:42.0) Gecko/20100101 Firefox/42.0"
114.250.78.59 - - [08/Dec/2014:19:05:33 +0800] "GET /img/cloud_private.jpg HTTP/1.1" 200 50842 "http://www.simplecloud.cn/simplecloud.html" "Mozilla/5.0 (Windows NT 10.0; WOW64; rv:42.0) Gecko/20100101 Firefox/42.0"
114.250.78.59 - - [08/Dec/2014:19:05:34 +0800] "GET /img/simplecloud/user_s.jpg HTTP/1.1" 200 28800 "http://www.simplecloud.cn/simplecloud.html" "Mozilla/5.0 (Windows NT 10.0; WOW64; rv:42.0) Gecko/20100101 Firefox/42.0"
114.250.78.59 - - [08/Dec/2014:19:05:34 +0800] "GET /img/simplecloud/image_s.jpg HTTP/1.1" 200 16393 "http://www.simplecloud.cn/simplecloud.html" "Mozilla/5.0 (Windows NT 10.0; WOW64; rv:42.0) Gecko/20100101 Firefox/42.0"
114.250.78.59 - - [08/Dec/2014:19:05:34 +0800] "GET /img/simplecloud/setting_s.jpg HTTP/1.1" 200 10751 "http://www.simplecloud.cn/simplecloud.html" "Mozilla/5.0 (Windows NT 10.0; WOW64; rv:42.0) Gecko/20100101 Firefox/42.0"
114.250.78.59 - - [08/Dec/2014:19:05:34 +0800] "GET /img/cloud_background.jpg HTTP/1.1" 200 37551 "http://www.simplecloud.cn/css/style-t1.css" "Mozilla/5.0 (Windows NT 10.0; WOW64; rv:42.0) Gecko/20100101 Firefox/42.0"
114.250.78.59 - - [08/Dec/2014:19:05:33 +0800] "GET /img/cloud_show.png HTTP/1.1" 200 198024 "http://www.simplecloud.cn/simplecloud.html" "Mozilla/5.0 (Windows NT 10.0; WOW64; rv:42.0) Gecko/20100101 Firefox/42.0"
114.250.78.59 - - [08/Dec/2014:19:05:38 +0800] "GET /simplelab.html HTTP/1.1" 200 4958 "http://www.simplecloud.cn/simplecloud.html" "Mozilla/5.0 (Windows NT 10.0; WOW64; rv:42.0) Gecko/20100101 Firefox/42.0"
114.250.78.59 - - [08/Dec/2014:19:05:38 +0800] "GET /img/simplelab/lab_s.jpg HTTP/1.1" 200 18942 "http://www.simplecloud.cn/simplelab.html" "Mozilla/5.0 (Windows NT 10.0; WOW64; rv:42.0) Gecko/20100101 Firefox/42.0"
114.250.78.59 - - [08/Dec/2014:19:05:38 +0800] "GET /img/simplelab/dashboard_s.jpg HTTP/1.1" 200 23138 "http://www.simplecloud.cn/simplelab.html" "Mozilla/5.0 (Windows NT 10.0; WOW64; rv:42.0) Gecko/20100101 Firefox/42.0"
114.250.78.59 - - [08/Dec/2014:19:05:38 +0800] "GET /img/simplelab/lab_user_s.jpg HTTP/1.1" 200 17373 "http://www.simplecloud.cn/simplelab.html" "Mozilla/5.0 (Windows NT 10.0; WOW64; rv:42.0) Gecko/20100101 Firefox/42.0"
114.250.78.59 - - [08/Dec/2014:19:05:38 +0800] "GET /img/simplelab/resource_s.jpg HTTP/1.1" 200 35619 "http://www.simplecloud.cn/simplelab.html" "Mozilla/5.0 (Windows NT 10.0; WOW64; rv:42.0) Gecko/20100101 Firefox/42.0"
114.250.78.59 - - [08/Dec/2014:19:05:38 +0800] "GET /img/lab_cloud.jpg HTTP/1.1" 200 30843 "http://www.simplecloud.cn/simplelab.html" "Mozilla/5.0 (Windows NT 10.0; WOW64; rv:42.0) Gecko/20100101 Firefox/42.0"
114.250.78.59 - - [08/Dec/2014:19:05:38 +0800] "GET /img/lab_show.png HTTP/1.1" 200 92132 "http://www.simplecloud.cn/simplelab.html" "Mozilla/5.0 (Windows NT 10.0; WOW64; rv:42.0) Gecko/20100101 Firefox/42.0"
114.250.78.59 - - [08/Dec/2014:19:05:38 +0800] "GET /img/lab_bigdata.jpg HTTP/1.1" 200 28113 "http://www.simplecloud.cn/simplelab.html" "Mozilla/5.0 (Windows NT 10.0; WOW64; rv:42.0) Gecko/20100101 Firefox/42.0"
114.250.78.59 - - [08/Dec/2014:19:05:38 +0800] "GET /img/lab_rhce.jpg HTTP/1.1" 200 17497 "http://www.simplecloud.cn/simplelab.html" "Mozilla/5.0 (Windows NT 10.0; WOW64; rv:42.0) Gecko/20100101 Firefox/42.0"
114.250.78.59 - - [08/Dec/2014:19:05:38 +0800] "GET /img/lab_background.jpg HTTP/1.1" 200 47287 "http://www.simplecloud.cn/css/style-t1.css" "Mozilla/5.0 (Windows NT 10.0; WOW64; rv:42.0) Gecko/20100101 Firefox/42.0"
114.250.78.59 - - [08/Dec/2014:19:05:38 +0800] "GET /img/lab_is.jpg HTTP/1.1" 200 80253 "http://www.simplecloud.cn/simplelab.html" "Mozilla/5.0 (Windows NT 10.0; WOW64; rv:42.0) Gecko/20100101 Firefox/42.0"
42.156.138.2 - - [08/Dec/2014:19:07:29 +0800] "GET / HTTP/1.1" 200 3273 "-" "YisouSpider"
171.8.44.106 - - [08/Dec/2014:19:17:47 +0800] "GET /favicon.ico HTTP/1.1" 404 506 "-" "Mozilla/5.0 (Windows NT 6.1; WOW64) AppleWebKit/537.36 (KHTML, like Gecko) Chrome/35.0.1916.153 Safari/537.36 SE 2.X MetaSr 1.0"
42.62.36.70 - - [08/Dec/2014:19:18:24 +0800] "GET /robots.txt HTTP/1.1" 404 495 "-" "Mozilla/5.0 ()"
42.62.36.70 - - [08/Dec/2014:19:18:26 +0800] "HEAD / HTTP/1.1" 200 280 "-" "Mozilla/5.0"
42.62.36.70 - - [08/Dec/2014:19:18:26 +0800] "GET / HTTP/1.1" 200 3236 "-" "Mozilla/5.0"
123.125.71.54 - - [08/Dec/2014:19:26:03 +0800] "-" 408 0 "-" "-"
220.181.108.94 - - [08/Dec/2014:19:30:42 +0800] "-" 408 0 "-" "-"
125.70.176.219 - - [08/Dec/2014:19:38:11 +0800] "GET / HTTP/1.1" 200 3273 "https://www.baidu.com/link?url=QoZ8N5V3Z9DUtc30TsaD8fnv9XowgRQGbVYx9VUk2W-62EJIb1a_8mA3OvwD0pd1&wd=&eqid=eb432bf000008eb1000000055666c11d" "Mozilla/5.0 (Windows NT 6.1; WOW64) AppleWebKit/537.36 (KHTML, like Gecko) Chrome/31.0.1650.63 Safari/537.36"
125.70.176.219 - - [08/Dec/2014:19:38:11 +0800] "GET /css/style-t1.css HTTP/1.1" 200 32705 "http://www.simplelab.cn/" "Mozilla/5.0 (Windows NT 6.1; WOW64) AppleWebKit/537.36 (KHTML, like Gecko) Chrome/31.0.1650.63 Safari/537.36"
125.70.176.219 - - [08/Dec/2014:19:38:11 +0800] "GET /js/libs/modernizr.min.js HTTP/1.1" 200 6486 "http://www.simplelab.cn/" "Mozilla/5.0 (Windows NT 6.1; WOW64) AppleWebKit/537.36 (KHTML, like Gecko) Chrome/31.0.1650.63 Safari/537.36"
125.70.176.219 - - [08/Dec/2014:19:38:11 +0800] "GET /js/libs/jquery.ui.map.min.js HTTP/1.1" 200 2002 "http://www.simplelab.cn/" "Mozilla/5.0 (Windows NT 6.1; WOW64) AppleWebKit/537.36 (KHTML, like Gecko) Chrome/31.0.1650.63 Safari/537.36"
125.70.176.219 - - [08/Dec/2014:19:38:11 +0800] "GET /js/libs/jquery.min.js HTTP/1.1" 200 33130 "http://www.simplelab.cn/" "Mozilla/5.0 (Windows NT 6.1; WOW64) AppleWebKit/537.36 (KHTML, like Gecko) Chrome/31.0.1650.63 Safari/537.36"
125.70.176.219 - - [08/Dec/2014:19:38:11 +0800] "GET /bootstrap/js/bootstrap.min.js HTTP/1.1" 200 8164 "http://www.simplelab.cn/" "Mozilla/5.0 (Windows NT 6.1; WOW64) AppleWebKit/537.36 (KHTML, like Gecko) Chrome/31.0.1650.63 Safari/537.36"
125.70.176.219 - - [08/Dec/2014:19:38:11 +0800] "GET /js/libs/jquery.hoverdir.min.js HTTP/1.1" 200 1469 "http://www.simplelab.cn/" "Mozilla/5.0 (Windows NT 6.1; WOW64) AppleWebKit/537.36 (KHTML, like Gecko) Chrome/31.0.1650.63 Safari/537.36"
125.70.176.219 - - [08/Dec/2014:19:38:11 +0800] "GET /js/libs/jquery.fancybox.min.js HTTP/1.1" 200 8934 "http://www.simplelab.cn/" "Mozilla/5.0 (Windows NT 6.1; WOW64) AppleWebKit/537.36 (KHTML, like Gecko) Chrome/31.0.1650.63 Safari/537.36"
125.70.176.219 - - [08/Dec/2014:19:38:12 +0800] "GET /js/libs/jquery.isotope.min.js HTTP/1.1" 200 5437 "http://www.simplelab.cn/" "Mozilla/5.0 (Windows NT 6.1; WOW64) AppleWebKit/537.36 (KHTML, like Gecko) Chrome/31.0.1650.63 Safari/537.36"
125.70.176.219 - - [08/Dec/2014:19:38:12 +0800] "GET /js/libs/jquery.masonry.min.js HTTP/1.1" 200 2614 "http://www.simplelab.cn/" "Mozilla/5.0 (Windows NT 6.1; WOW64) AppleWebKit/537.36 (KHTML, like Gecko) Chrome/31.0.1650.63 Safari/537.36"
125.70.176.219 - - [08/Dec/2014:19:38:12 +0800] "GET /js/libs/jquery.flexslider.min.js HTTP/1.1" 200 5465 "http://www.simplelab.cn/" "Mozilla/5.0 (Windows NT 6.1; WOW64) AppleWebKit/537.36 (KHTML, like Gecko) Chrome/31.0.1650.63 Safari/537.36"
125.70.176.219 - - [08/Dec/2014:19:38:12 +0800] "GET /js/libs/jquery.fitvids.min.js HTTP/1.1" 200 1287 "http://www.simplelab.cn/" "Mozilla/5.0 (Windows NT 6.1; WOW64) AppleWebKit/537.36 (KHTML, like Gecko) Chrome/31.0.1650.63 Safari/537.36"
125.70.176.219 - - [08/Dec/2014:19:38:12 +0800] "GET /js/script.js HTTP/1.1" 200 1902 "http://www.simplelab.cn/" "Mozilla/5.0 (Windows NT 6.1; WOW64) AppleWebKit/537.36 (KHTML, like Gecko) Chrome/31.0.1650.63 Safari/537.36"
125.70.176.219 - - [08/Dec/2014:19:38:12 +0800] "GET /img/csdn.jpg HTTP/1.1" 200 10087 "http://www.simplelab.cn/" "Mozilla/5.0 (Windows NT 6.1; WOW64) AppleWebKit/537.36 (KHTML, like Gecko) Chrome/31.0.1650.63 Safari/537.36"
125.70.176.219 - - [08/Dec/2014:19:38:12 +0800] "GET /img/technode.jpg HTTP/1.1" 200 8567 "http://www.simplelab.cn/" "Mozilla/5.0 (Windows NT 6.1; WOW64) AppleWebKit/537.36 (KHTML, like Gecko) Chrome/31.0.1650.63 Safari/537.36"
125.70.176.219 - - [08/Dec/2014:19:38:12 +0800] "GET /img/36kr.jpg HTTP/1.1" 200 2249 "http://www.simplelab.cn/" "Mozilla/5.0 (Windows NT 6.1; WOW64) AppleWebKit/537.36 (KHTML, like Gecko) Chrome/31.0.1650.63 Safari/537.36"
125.70.176.219 - - [08/Dec/2014:19:38:13 +0800] "GET /img/logo.png HTTP/1.1" 200 35181 "http://www.simplelab.cn/" "Mozilla/5.0 (Windows NT 6.1; WOW64) AppleWebKit/537.36 (KHTML, like Gecko) Chrome/31.0.1650.63 Safari/537.36"
125.70.176.219 - - [08/Dec/2014:19:38:12 +0800] "GET /img/map.png HTTP/1.1" 200 71228 "http://www.simplelab.cn/" "Mozilla/5.0 (Windows NT 6.1; WOW64) AppleWebKit/537.36 (KHTML, like Gecko) Chrome/31.0.1650.63 Safari/537.36"
125.70.176.219 - - [08/Dec/2014:19:38:12 +0800] "GET /font/fontawesome-webfont.woff?v=3.0.1 HTTP/1.1" 200 44700 "http://www.simplelab.cn/" "Mozilla/5.0 (Windows NT 6.1; WOW64) AppleWebKit/537.36 (KHTML, like Gecko) Chrome/31.0.1650.63 Safari/537.36"
125.70.176.219 - - [08/Dec/2014:19:38:12 +0800] "GET /img/ipad.png HTTP/1.1" 200 216512 "http://www.simplelab.cn/" "Mozilla/5.0 (Windows NT 6.1; WOW64) AppleWebKit/537.36 (KHTML, like Gecko) Chrome/31.0.1650.63 Safari/537.36"
125.70.176.219 - - [08/Dec/2014:19:38:13 +0800] "GET /img/home_background.jpg HTTP/1.1" 200 104024 "http://www.simplelab.cn/" "Mozilla/5.0 (Windows NT 6.1; WOW64) AppleWebKit/537.36 (KHTML, like Gecko) Chrome/31.0.1650.63 Safari/537.36"
125.70.176.219 - - [08/Dec/2014:19:38:16 +0800] "GET /ico/favicon.ico HTTP/1.1" 200 1444 "-" "Mozilla/5.0 (Windows NT 6.1; WOW64) AppleWebKit/537.36 (KHTML, like Gecko) Chrome/31.0.1650.63 Safari/537.36"
125.70.176.219 - - [08/Dec/2014:19:38:23 +0800] "GET /simplecloud.html HTTP/1.1" 200 3826 "http://www.simplelab.cn/" "Mozilla/5.0 (Windows NT 6.1; WOW64) AppleWebKit/537.36 (KHTML, like Gecko) Chrome/31.0.1650.63 Safari/537.36"
125.70.176.219 - - [08/Dec/2014:19:38:23 +0800] "GET /img/cloud_virtuallab.jpg HTTP/1.1" 200 38779 "http://www.simplelab.cn/simplecloud.html" "Mozilla/5.0 (Windows NT 6.1; WOW64) AppleWebKit/537.36 (KHTML, like Gecko) Chrome/31.0.1650.63 Safari/537.36"
125.70.176.219 - - [08/Dec/2014:19:38:23 +0800] "GET /img/cloud_devtest.jpg HTTP/1.1" 200 26953 "http://www.simplelab.cn/simplecloud.html" "Mozilla/5.0 (Windows NT 6.1; WOW64) AppleWebKit/537.36 (KHTML, like Gecko) Chrome/31.0.1650.63 Safari/537.36"
125.70.176.219 - - [08/Dec/2014:19:38:23 +0800] "GET /img/simplecloud/host_s.jpg HTTP/1.1" 200 13449 "http://www.simplelab.cn/simplecloud.html" "Mozilla/5.0 (Windows NT 6.1; WOW64) AppleWebKit/537.36 (KHTML, like Gecko) Chrome/31.0.1650.63 Safari/537.36"
125.70.176.219 - - [08/Dec/2014:19:38:23 +0800] "GET /img/simplecloud/dashboard_s.jpg HTTP/1.1" 200 28530 "http://www.simplelab.cn/simplecloud.html" "Mozilla/5.0 (Windows NT 6.1; WOW64) AppleWebKit/537.36 (KHTML, like Gecko) Chrome/31.0.1650.63 Safari/537.36"
125.70.176.219 - - [08/Dec/2014:19:38:23 +0800] "GET /img/simplecloud/vm_s.jpg HTTP/1.1" 200 19464 "http://www.simplelab.cn/simplecloud.html" "Mozilla/5.0 (Windows NT 6.1; WOW64) AppleWebKit/537.36 (KHTML, like Gecko) Chrome/31.0.1650.63 Safari/537.36"
125.70.176.219 - - [08/Dec/2014:19:38:24 +0800] "GET /img/simplecloud/user_s.jpg HTTP/1.1" 200 28800 "http://www.simplelab.cn/simplecloud.html" "Mozilla/5.0 (Windows NT 6.1; WOW64) AppleWebKit/537.36 (KHTML, like Gecko) Chrome/31.0.1650.63 Safari/537.36"
125.70.176.219 - - [08/Dec/2014:19:38:23 +0800] "GET /img/cloud_private.jpg HTTP/1.1" 200 50842 "http://www.simplelab.cn/simplecloud.html" "Mozilla/5.0 (Windows NT 6.1; WOW64) AppleWebKit/537.36 (KHTML, like Gecko) Chrome/31.0.1650.63 Safari/537.36"
125.70.176.219 - - [08/Dec/2014:19:38:24 +0800] "GET /img/simplecloud/image_s.jpg HTTP/1.1" 200 16393 "http://www.simplelab.cn/simplecloud.html" "Mozilla/5.0 (Windows NT 6.1; WOW64) AppleWebKit/537.36 (KHTML, like Gecko) Chrome/31.0.1650.63 Safari/537.36"
125.70.176.219 - - [08/Dec/2014:19:38:25 +0800] "GET /img/cloud_background.jpg HTTP/1.1" 200 37551 "http://www.simplelab.cn/simplecloud.html" "Mozilla/5.0 (Windows NT 6.1; WOW64) AppleWebKit/537.36 (KHTML, like Gecko) Chrome/31.0.1650.63 Safari/537.36"
125.70.176.219 - - [08/Dec/2014:19:38:25 +0800] "GET /img/simplecloud/setting_s.jpg HTTP/1.1" 200 10751 "http://www.simplelab.cn/simplecloud.html" "Mozilla/5.0 (Windows NT 6.1; WOW64) AppleWebKit/537.36 (KHTML, like Gecko) Chrome/31.0.1650.63 Safari/537.36"
125.70.176.219 - - [08/Dec/2014:19:38:23 +0800] "GET /img/cloud_show.png HTTP/1.1" 200 198024 "http://www.simplelab.cn/simplecloud.html" "Mozilla/5.0 (Windows NT 6.1; WOW64) AppleWebKit/537.36 (KHTML, like Gecko) Chrome/31.0.1650.63 Safari/537.36"
125.70.176.219 - - [08/Dec/2014:19:38:44 +0800] "GET /jobs.html HTTP/1.1" 200 3758 "http://www.simplelab.cn/simplecloud.html" "Mozilla/5.0 (Windows NT 6.1; WOW64) AppleWebKit/537.36 (KHTML, like Gecko) Chrome/31.0.1650.63 Safari/537.36"
125.70.176.219 - - [08/Dec/2014:19:38:45 +0800] "GET /img/job_background.jpg HTTP/1.1" 200 60759 "http://www.simplelab.cn/jobs.html" "Mozilla/5.0 (Windows NT 6.1; WOW64) AppleWebKit/537.36 (KHTML, like Gecko) Chrome/31.0.1650.63 Safari/537.36"
123.125.71.42 - - [08/Dec/2014:19:42:16 +0800] "GET / HTTP/1.1" 200 3236 "-" "Mozilla/5.0 (compatible; Baiduspider/2.0; +http://www.baidu.com/search/spider.html)"
113.120.228.134 - - [08/Dec/2014:19:44:20 +0800] "GET /simplelab.html HTTP/1.1" 200 4959 "-" "Mozilla/5.0 (Macintosh; Intel Mac OS X 10_11_1) AppleWebKit/601.2.7 (KHTML, like Gecko)"
113.120.228.134 - - [08/Dec/2014:19:44:20 +0800] "GET /ico/apple-touch-icon-114x114.png HTTP/1.1" 404 521 "-" "Safari/11601.2.7.2 CFNetwork/760.1.2 Darwin/15.0.0 (x86_64)"
113.120.228.134 - - [08/Dec/2014:19:44:20 +0800] "GET /ico/apple-touch-icon-72x72.png HTTP/1.1" 404 519 "-" "Safari/11601.2.7.2 CFNetwork/760.1.2 Darwin/15.0.0 (x86_64)"
113.120.228.134 - - [08/Dec/2014:19:44:20 +0800] "GET /ico/apple-touch-icon.png HTTP/1.1" 404 513 "-" "Safari/11601.2.7.2 CFNetwork/760.1.2 Darwin/15.0.0 (x86_64)"
113.120.228.134 - - [08/Dec/2014:19:44:20 +0800] "GET /apple-touch-icon-precomposed.png HTTP/1.1" 404 519 "-" "Safari/11601.2.7.2 CFNetwork/760.1.2 Darwin/15.0.0 (x86_64)"
113.120.228.134 - - [08/Dec/2014:19:44:20 +0800] "GET /apple-touch-icon.png HTTP/1.1" 404 512 "-" "Safari/11601.2.7.2 CFNetwork/760.1.2 Darwin/15.0.0 (x86_64)"
